[02:15:50] =========================================
[02:15:50] PhotoAlbum Orderer - Avvio Sessione Log
[02:15:50] =========================================
[02:15:52] Sistema GUI pronto. In attesa di avvio dei processi.
[02:15:52] Avvio processo: basic...
[02:15:52] Esplorazione Cartella: Ricerca cartelle con immagini...
[02:15:53] Esplorazione Cartella: Trovate 2 cartelle.
[02:15:53] Elaborazione Immagini: Avvio Elaborazione base (Cartelle Printed & CSV)...
[02:15:53] Elaborazione Immagini: Elaborata cartella 1/2 (24 elementi elaborati)...
[02:15:53] Elaborazione Immagini: Elaborazione base (Cartelle Printed & CSV) completata. (27 tot. elaborati)
[02:15:53] Salvataggio Database: Salvataggio nel database in corso...
[02:15:53] Salvataggio Database: Database aggiornato correttamente.
[02:15:53] Processo completato.
[02:16:07] Cartella di input aggiornata: C:/Users/david/Desktop/to organize/Fixing_names/currently_organizing
[02:16:10] Avvio processo: basic...
[02:16:10] Esplorazione Cartella: Ricerca cartelle con immagini...
[02:16:10] Esplorazione Cartella: Trovate 34 cartelle.
[02:16:10] Elaborazione Immagini: Avvio Elaborazione base (Cartelle Printed & CSV)...
[02:16:10] Elaborazione Immagini: Elaborata cartella 1/34 (1 elementi elaborati)...
[02:16:10] Elaborazione Immagini: Elaborata cartella 2/34 (33 elementi elaborati)...
[02:16:10] Elaborazione Immagini: Elaborata cartella 3/34 (40 elementi elaborati)...
[02:16:10] Elaborazione Immagini: Elaborata cartella 4/34 (47 elementi elaborati)...
[02:16:11] Elaborazione Immagini: Elaborata cartella 5/34 (76 elementi elaborati)...
[02:16:11] Elaborazione Immagini: Elaborata cartella 6/34 (6 elementi elaborati)...
[02:16:11] Elaborazione Immagini: Elaborata cartella 7/34 (241 elementi elaborati)...
[02:16:12] Elaborazione Immagini: Elaborata cartella 8/34 (171 elementi elaborati)...
[02:16:12] Elaborazione Immagini: Elaborata cartella 9/34 (156 elementi elaborati)...
[02:16:12] Elaborazione Immagini: Elaborata cartella 10/34 (39 elementi elaborati)...
[02:16:13] Elaborazione Immagini: Elaborata cartella 11/34 (169 elementi elaborati)...
[02:16:13] Elaborazione Immagini: Elaborata cartella 12/34 (191 elementi elaborati)...
[02:16:14] Elaborazione Immagini: Elaborata cartella 13/34 (14 elementi elaborati)...
[02:16:14] Elaborazione Immagini: Elaborata cartella 14/34 (6 elementi elaborati)...
[02:16:14] Elaborazione Immagini: Elaborata cartella 15/34 (140 elementi elaborati)...
[02:16:15] Elaborazione Immagini: Elaborata cartella 16/34 (255 elementi elaborati)...
[02:16:15] Elaborazione Immagini: Elaborata cartella 17/34 (52 elementi elaborati)...
[02:16:15] Elaborazione Immagini: Elaborata cartella 18/34 (8 elementi elaborati)...
[02:16:15] Elaborazione Immagini: Elaborata cartella 19/34 (9 elementi elaborati)...
[02:16:15] Elaborazione Immagini: Elaborata cartella 20/34 (41 elementi elaborati)...
[02:16:15] Elaborazione Immagini: Elaborata cartella 21/34 (9 elementi elaborati)...
[02:16:16] Elaborazione Immagini: Elaborata cartella 22/34 (306 elementi elaborati)...
[02:16:17] Elaborazione Immagini: Elaborata cartella 23/34 (211 elementi elaborati)...
[02:16:17] Elaborazione Immagini: Elaborata cartella 24/34 (32 elementi elaborati)...
[02:16:17] Elaborazione Immagini: Elaborata cartella 25/34 (4 elementi elaborati)...
[02:16:17] Elaborazione Immagini: Elaborata cartella 26/34 (11 elementi elaborati)...
[02:16:18] Elaborazione Immagini: Elaborata cartella 27/34 (150 elementi elaborati)...
[02:16:18] Elaborazione Immagini: Elaborata cartella 28/34 (299 elementi elaborati)...
[02:16:19] Elaborazione Immagini: Elaborata cartella 29/34 (83 elementi elaborati)...
[02:16:19] Elaborazione Immagini: Elaborata cartella 30/34 (4 elementi elaborati)...
[02:16:19] Elaborazione Immagini: Elaborata cartella 31/34 (2 elementi elaborati)...
[02:16:19] Elaborazione Immagini: Elaborata cartella 32/34 (2 elementi elaborati)...
[02:16:19] Elaborazione Immagini: Elaborata cartella 33/34 (10 elementi elaborati)...
[02:16:19] Elaborazione Immagini: Elaborazione base (Cartelle Printed & CSV) completata. (2822 tot. elaborati)
[02:16:19] Salvataggio Database: Salvataggio nel database in corso...
[02:16:19] Salvataggio Database: Database aggiornato correttamente.
[02:16:19] Processo completato.
[02:21:55] Avvio processo: hash...
[02:21:55] Esplorazione Cartella: Ricerca cartelle con immagini...
[02:21:55] Esplorazione Cartella: Trovate 33 cartelle.
[02:21:55] Elaborazione Immagini: Avvio Calcolo Hash Ibrido (pHash+Colori)...
[02:21:55] Elaborazione Immagini: Elaborata cartella 1/33 (0 elementi elaborati)...
[02:21:55] Elaborazione Immagini: Elaborata cartella 2/33 (0 elementi elaborati)...
[02:21:55] Elaborazione Immagini: Elaborata cartella 3/33 (0 elementi elaborati)...
[02:21:55] Elaborazione Immagini: Elaborata cartella 4/33 (0 elementi elaborati)...
[02:21:55] Elaborazione Immagini: Elaborata cartella 5/33 (0 elementi elaborati)...
[02:21:55] Elaborazione Immagini: Elaborata cartella 6/33 (0 elementi elaborati)...
[02:21:55] Elaborazione Immagini: Elaborata cartella 7/33 (0 elementi elaborati)...
[02:21:55] Elaborazione Immagini: Elaborata cartella 8/33 (0 elementi elaborati)...
[02:21:55] Elaborazione Immagini: Elaborata cartella 9/33 (0 elementi elaborati)...
[02:21:55] Elaborazione Immagini: Elaborata cartella 10/33 (0 elementi elaborati)...
[02:21:56] Elaborazione Immagini: Elaborata cartella 11/33 (0 elementi elaborati)...
[02:21:56] Elaborazione Immagini: Elaborata cartella 12/33 (0 elementi elaborati)...
[02:21:56] Elaborazione Immagini: Elaborata cartella 13/33 (0 elementi elaborati)...
[02:21:56] Elaborazione Immagini: Elaborata cartella 14/33 (0 elementi elaborati)...
[02:21:56] Elaborazione Immagini: Elaborata cartella 15/33 (0 elementi elaborati)...
[02:21:56] Elaborazione Immagini: Elaborata cartella 16/33 (0 elementi elaborati)...
[02:21:56] Elaborazione Immagini: Elaborata cartella 17/33 (0 elementi elaborati)...
[02:21:56] Elaborazione Immagini: Elaborata cartella 18/33 (0 elementi elaborati)...
[02:21:56] Elaborazione Immagini: Elaborata cartella 19/33 (0 elementi elaborati)...
[02:21:56] Elaborazione Immagini: Elaborata cartella 20/33 (0 elementi elaborati)...
[02:21:56] Elaborazione Immagini: Elaborata cartella 21/33 (0 elementi elaborati)...
[02:23:42] Elaborazione Immagini: Elaborata cartella 22/33 (306 elementi elaborati)...
[02:25:42] Elaborazione Immagini: Elaborata cartella 23/33 (211 elementi elaborati)...
[02:25:51] Elaborazione Immagini: Elaborata cartella 24/33 (32 elementi elaborati)...
[02:25:54] Elaborazione Immagini: Elaborata cartella 25/33 (4 elementi elaborati)...
[02:25:56] Elaborazione Immagini: Elaborata cartella 26/33 (11 elementi elaborati)...
[02:28:04] Elaborazione Immagini: Elaborata cartella 27/33 (299 elementi elaborati)...
[02:28:04] Elaborazione Immagini: Elaborata cartella 28/33 (0 elementi elaborati)...
[02:28:05] Elaborazione Immagini: Elaborata cartella 29/33 (4 elementi elaborati)...
[02:28:05] Elaborazione Immagini: Elaborata cartella 30/33 (2 elementi elaborati)...
[02:28:06] Elaborazione Immagini: Elaborata cartella 31/33 (2 elementi elaborati)...
[02:28:08] Elaborazione Immagini: Elaborata cartella 32/33 (10 elementi elaborati)...
[02:28:09] Elaborazione Immagini: Calcolo Hash Ibrido (pHash+Colori) completata. (885 tot. elaborati)
[02:28:09] Salvataggio Database: Salvataggio nel database in corso...
[02:28:10] Salvataggio Database: Database aggiornato correttamente.
[02:28:10] Processo completato.
[02:32:32] Cartella di input aggiornata: C:/Users/david/Desktop/to organize/Fixing_names/currently_organizing/2015-01_Aurora_Tuzi
[02:32:50] Cartella di input aggiornata: C:/Users/david/Desktop/to organize/Fixing_names/currently_organizing
[02:41:03] Avvio processo: hash...
[02:41:03] Esplorazione Cartella: Ricerca cartelle con immagini...
[02:41:03] Esplorazione Cartella: Trovate 33 cartelle.
[02:41:03] Elaborazione Immagini: Avvio Calcolo Hash Ibrido (pHash+Colori)...
[02:41:03] Elaborazione Immagini: Elaborata cartella 1/33 (0 elementi elaborati)...
[02:41:03] Elaborazione Immagini: Elaborata cartella 2/33 (0 elementi elaborati)...
[02:41:03] Elaborazione Immagini: Elaborata cartella 3/33 (0 elementi elaborati)...
[02:41:03] Elaborazione Immagini: Elaborata cartella 4/33 (0 elementi elaborati)...
[02:41:03] Elaborazione Immagini: Elaborata cartella 5/33 (0 elementi elaborati)...
[02:41:03] Elaborazione Immagini: Elaborata cartella 6/33 (0 elementi elaborati)...
[02:41:03] Elaborazione Immagini: Elaborata cartella 7/33 (0 elementi elaborati)...
[02:41:03] Elaborazione Immagini: Elaborata cartella 8/33 (0 elementi elaborati)...
[02:41:04] Elaborazione Immagini: Elaborata cartella 9/33 (0 elementi elaborati)...
[02:41:04] Elaborazione Immagini: Elaborata cartella 10/33 (0 elementi elaborati)...
[02:41:04] Elaborazione Immagini: Elaborata cartella 11/33 (0 elementi elaborati)...
[02:41:04] Elaborazione Immagini: Elaborata cartella 12/33 (0 elementi elaborati)...
[02:41:04] Elaborazione Immagini: Elaborata cartella 13/33 (0 elementi elaborati)...
[02:41:04] Elaborazione Immagini: Elaborata cartella 14/33 (0 elementi elaborati)...
[02:41:04] Elaborazione Immagini: Elaborata cartella 15/33 (0 elementi elaborati)...
[02:41:04] Elaborazione Immagini: Elaborata cartella 16/33 (0 elementi elaborati)...
[02:41:04] Elaborazione Immagini: Elaborata cartella 17/33 (0 elementi elaborati)...
[02:41:04] Elaborazione Immagini: Elaborata cartella 18/33 (0 elementi elaborati)...
[02:41:04] Elaborazione Immagini: Elaborata cartella 19/33 (0 elementi elaborati)...
[02:41:04] Elaborazione Immagini: Elaborata cartella 20/33 (0 elementi elaborati)...
[02:41:04] Elaborazione Immagini: Elaborata cartella 21/33 (0 elementi elaborati)...
[02:41:04] Elaborazione Immagini: Elaborata cartella 22/33 (0 elementi elaborati)...
[02:41:04] Elaborazione Immagini: Elaborata cartella 23/33 (0 elementi elaborati)...
[02:41:05] Elaborazione Immagini: Elaborata cartella 24/33 (0 elementi elaborati)...
[02:41:05] Elaborazione Immagini: Elaborata cartella 25/33 (0 elementi elaborati)...
[02:41:05] Elaborazione Immagini: Elaborata cartella 26/33 (0 elementi elaborati)...
[02:41:05] Elaborazione Immagini: Elaborata cartella 27/33 (0 elementi elaborati)...
[02:41:05] Elaborazione Immagini: Elaborata cartella 28/33 (0 elementi elaborati)...
[02:41:05] Elaborazione Immagini: Elaborata cartella 29/33 (0 elementi elaborati)...
[02:41:05] Elaborazione Immagini: Elaborata cartella 30/33 (0 elementi elaborati)...
[02:41:05] Elaborazione Immagini: Elaborata cartella 31/33 (0 elementi elaborati)...
[02:41:05] Elaborazione Immagini: Elaborata cartella 32/33 (0 elementi elaborati)...
[02:41:05] Elaborazione Immagini: Calcolo Hash Ibrido (pHash+Colori) completata. (0 tot. elaborati)
[02:41:05] Salvataggio Database: Salvataggio nel database in corso...
[02:41:05] Salvataggio Database: Database aggiornato correttamente.
[02:41:05] Processo completato.
[02:48:26] Avvio processo: basic...
[02:48:26] Esplorazione Cartella: Ricerca cartelle con immagini...
[02:48:26] Esplorazione Cartella: Trovate 33 cartelle.
[02:48:26] Elaborazione Immagini: Avvio Elaborazione base (Cartelle Printed & CSV)...
[02:48:26] Elaborazione Immagini: Elaborata cartella 1/33 (1 elementi elaborati)...
[02:48:26] Elaborazione Immagini: Elaborata cartella 2/33 (33 elementi elaborati)...
[02:48:27] Elaborazione Immagini: Elaborata cartella 3/33 (40 elementi elaborati)...
[02:48:27] Elaborazione Immagini: Elaborata cartella 4/33 (47 elementi elaborati)...
[02:48:27] Elaborazione Immagini: Elaborata cartella 5/33 (76 elementi elaborati)...
[02:48:28] Elaborazione Immagini: Elaborata cartella 6/33 (6 elementi elaborati)...
[02:48:29] Elaborazione Immagini: Elaborata cartella 7/33 (241 elementi elaborati)...
[02:48:29] Elaborazione Immagini: Elaborata cartella 8/33 (171 elementi elaborati)...
[02:48:30] Elaborazione Immagini: Elaborata cartella 9/33 (156 elementi elaborati)...
[02:48:30] Elaborazione Immagini: Elaborata cartella 10/33 (39 elementi elaborati)...
[02:48:30] Elaborazione Immagini: Elaborata cartella 11/33 (169 elementi elaborati)...
[02:48:32] Elaborazione Immagini: Elaborata cartella 12/33 (191 elementi elaborati)...
[02:48:33] Elaborazione Immagini: Elaborata cartella 13/33 (14 elementi elaborati)...
[02:48:33] Elaborazione Immagini: Elaborata cartella 14/33 (6 elementi elaborati)...
[02:48:34] Elaborazione Immagini: Elaborata cartella 15/33 (140 elementi elaborati)...
[02:48:34] Elaborazione Immagini: Elaborata cartella 16/33 (255 elementi elaborati)...
[02:48:35] Elaborazione Immagini: Elaborata cartella 17/33 (52 elementi elaborati)...
[02:48:35] Elaborazione Immagini: Elaborata cartella 18/33 (8 elementi elaborati)...
[02:48:35] Elaborazione Immagini: Elaborata cartella 19/33 (9 elementi elaborati)...
[02:48:35] Elaborazione Immagini: Elaborata cartella 20/33 (41 elementi elaborati)...
[02:48:35] Elaborazione Immagini: Elaborata cartella 21/33 (6 elementi elaborati)...
[02:48:35] Elaborazione Immagini: Elaborata cartella 22/33 (306 elementi elaborati)...
[02:48:36] Elaborazione Immagini: Elaborata cartella 23/33 (211 elementi elaborati)...
[02:48:36] Elaborazione Immagini: Elaborata cartella 24/33 (32 elementi elaborati)...
[02:48:36] Elaborazione Immagini: Elaborata cartella 25/33 (4 elementi elaborati)...
[02:48:36] Elaborazione Immagini: Elaborata cartella 26/33 (11 elementi elaborati)...
[02:48:37] Elaborazione Immagini: Elaborata cartella 27/33 (299 elementi elaborati)...
[02:48:37] Elaborazione Immagini: Elaborata cartella 28/33 (83 elementi elaborati)...
[02:48:38] Elaborazione Immagini: Elaborata cartella 29/33 (4 elementi elaborati)...
[02:48:38] Elaborazione Immagini: Elaborata cartella 30/33 (2 elementi elaborati)...
[02:48:38] Elaborazione Immagini: Elaborata cartella 31/33 (2 elementi elaborati)...
[02:48:38] Elaborazione Immagini: Elaborata cartella 32/33 (10 elementi elaborati)...
[02:48:38] Elaborazione Immagini: Elaborazione base (Cartelle Printed & CSV) completata. (2669 tot. elaborati)
[02:48:38] Salvataggio Database: Salvataggio nel database in corso...
[02:48:38] Salvataggio Database: Database aggiornato correttamente.
[02:48:38] Processo completato.
[02:48:40] Avvio processo: hash...
[02:48:40] Esplorazione Cartella: Ricerca cartelle con immagini...
[02:48:40] Esplorazione Cartella: Trovate 33 cartelle.
[02:48:40] Elaborazione Immagini: Avvio Calcolo Hash Ibrido (pHash+Colori)...
[02:48:40] Elaborazione Immagini: Elaborata cartella 1/33 (0 elementi elaborati)...
[02:48:40] Elaborazione Immagini: Elaborata cartella 2/33 (0 elementi elaborati)...
[02:48:40] Elaborazione Immagini: Elaborata cartella 3/33 (0 elementi elaborati)...
[02:48:40] Elaborazione Immagini: Elaborata cartella 4/33 (0 elementi elaborati)...
[02:48:40] Elaborazione Immagini: Elaborata cartella 5/33 (0 elementi elaborati)...
[02:48:40] Elaborazione Immagini: Elaborata cartella 6/33 (0 elementi elaborati)...
[02:48:40] Elaborazione Immagini: Elaborata cartella 7/33 (0 elementi elaborati)...
[02:48:40] Elaborazione Immagini: Elaborata cartella 8/33 (0 elementi elaborati)...
[02:48:40] Elaborazione Immagini: Elaborata cartella 9/33 (0 elementi elaborati)...
[02:48:40] Elaborazione Immagini: Elaborata cartella 10/33 (0 elementi elaborati)...
[02:48:40] Elaborazione Immagini: Elaborata cartella 11/33 (0 elementi elaborati)...
[02:48:41] Elaborazione Immagini: Elaborata cartella 12/33 (0 elementi elaborati)...
[02:48:41] Elaborazione Immagini: Elaborata cartella 13/33 (0 elementi elaborati)...
[02:48:41] Elaborazione Immagini: Elaborata cartella 14/33 (0 elementi elaborati)...
[02:48:41] Elaborazione Immagini: Elaborata cartella 15/33 (0 elementi elaborati)...
[02:48:41] Elaborazione Immagini: Elaborata cartella 16/33 (0 elementi elaborati)...
[02:48:41] Elaborazione Immagini: Elaborata cartella 17/33 (0 elementi elaborati)...
[02:48:41] Elaborazione Immagini: Elaborata cartella 18/33 (0 elementi elaborati)...
[02:48:41] Elaborazione Immagini: Elaborata cartella 19/33 (0 elementi elaborati)...
[02:48:41] Elaborazione Immagini: Elaborata cartella 20/33 (0 elementi elaborati)...
[02:48:41] Elaborazione Immagini: Elaborata cartella 21/33 (0 elementi elaborati)...
[02:48:41] Elaborazione Immagini: Elaborata cartella 22/33 (0 elementi elaborati)...
[02:48:42] Elaborazione Immagini: Elaborata cartella 23/33 (0 elementi elaborati)...
[02:48:42] Elaborazione Immagini: Elaborata cartella 24/33 (0 elementi elaborati)...
[02:48:42] Elaborazione Immagini: Elaborata cartella 25/33 (0 elementi elaborati)...
[02:48:42] Elaborazione Immagini: Elaborata cartella 26/33 (0 elementi elaborati)...
[02:48:42] Elaborazione Immagini: Elaborata cartella 27/33 (0 elementi elaborati)...
[02:48:42] Elaborazione Immagini: Elaborata cartella 28/33 (0 elementi elaborati)...
[02:48:42] Elaborazione Immagini: Elaborata cartella 29/33 (0 elementi elaborati)...
[02:48:42] Elaborazione Immagini: Elaborata cartella 30/33 (0 elementi elaborati)...
[02:48:42] Elaborazione Immagini: Elaborata cartella 31/33 (0 elementi elaborati)...
[02:48:42] Elaborazione Immagini: Elaborata cartella 32/33 (0 elementi elaborati)...
[02:48:42] Elaborazione Immagini: Calcolo Hash Ibrido (pHash+Colori) completata. (0 tot. elaborati)
[02:48:42] Salvataggio Database: Salvataggio nel database in corso...
[02:48:43] Salvataggio Database: Database aggiornato correttamente.
[02:48:43] Processo completato.
[02:49:49] Cartella di input aggiornata: C:/Users/david/Desktop/to organize/Fixing_names/Amici
[02:49:53] Avvio processo: basic...
[02:49:53] Esplorazione Cartella: Ricerca cartelle con immagini...
[02:49:53] Esplorazione Cartella: Trovate 45 cartelle.
[02:49:53] Elaborazione Immagini: Avvio Elaborazione base (Cartelle Printed & CSV)...
[02:49:53] Elaborazione Immagini: Elaborata cartella 1/45 (73 elementi elaborati)...
[02:49:54] Elaborazione Immagini: Elaborata cartella 2/45 (7 elementi elaborati)...
[02:49:54] Elaborazione Immagini: Elaborata cartella 3/45 (27 elementi elaborati)...
[02:49:54] Elaborazione Immagini: Elaborata cartella 4/45 (5 elementi elaborati)...
[02:49:54] Elaborazione Immagini: Elaborata cartella 5/45 (14 elementi elaborati)...
[02:49:54] Elaborazione Immagini: Elaborata cartella 6/45 (26 elementi elaborati)...
[02:49:54] Elaborazione Immagini: Elaborata cartella 7/45 (10 elementi elaborati)...
[02:49:54] Elaborazione Immagini: Elaborata cartella 8/45 (36 elementi elaborati)...
[02:49:54] Elaborazione Immagini: Elaborata cartella 9/45 (40 elementi elaborati)...
[02:49:55] Elaborazione Immagini: Elaborata cartella 10/45 (6 elementi elaborati)...
[02:49:55] Elaborazione Immagini: Elaborata cartella 11/45 (19 elementi elaborati)...
[02:49:55] Elaborazione Immagini: Elaborata cartella 12/45 (11 elementi elaborati)...
[02:49:55] Elaborazione Immagini: Elaborata cartella 13/45 (6 elementi elaborati)...
[02:49:55] Elaborazione Immagini: Elaborata cartella 14/45 (13 elementi elaborati)...
[02:49:55] Elaborazione Immagini: Elaborata cartella 15/45 (9 elementi elaborati)...
[02:49:55] Elaborazione Immagini: Elaborata cartella 16/45 (79 elementi elaborati)...
[02:49:56] Elaborazione Immagini: Elaborata cartella 17/45 (17 elementi elaborati)...
[02:49:56] Elaborazione Immagini: Elaborata cartella 18/45 (40 elementi elaborati)...
[02:49:56] Elaborazione Immagini: Elaborata cartella 19/45 (70 elementi elaborati)...
[02:49:56] Elaborazione Immagini: Elaborata cartella 20/45 (7 elementi elaborati)...
[02:49:56] Elaborazione Immagini: Elaborata cartella 21/45 (53 elementi elaborati)...
[02:49:56] Elaborazione Immagini: Elaborata cartella 22/45 (10 elementi elaborati)...
[02:49:56] Elaborazione Immagini: Elaborata cartella 23/45 (10 elementi elaborati)...
[02:49:57] Elaborazione Immagini: Elaborata cartella 24/45 (6 elementi elaborati)...
[02:49:57] Elaborazione Immagini: Elaborata cartella 25/45 (13 elementi elaborati)...
[02:49:57] Elaborazione Immagini: Elaborata cartella 26/45 (104 elementi elaborati)...
[02:49:57] Elaborazione Immagini: Elaborata cartella 27/45 (1 elementi elaborati)...
[02:49:57] Elaborazione Immagini: Elaborata cartella 28/45 (16 elementi elaborati)...
[02:49:57] Elaborazione Immagini: Elaborata cartella 29/45 (9 elementi elaborati)...
[02:49:57] Elaborazione Immagini: Elaborata cartella 30/45 (35 elementi elaborati)...
[02:49:58] Elaborazione Immagini: Elaborata cartella 31/45 (44 elementi elaborati)...
[02:49:58] Elaborazione Immagini: Elaborata cartella 32/45 (9 elementi elaborati)...
[02:49:58] Elaborazione Immagini: Elaborata cartella 33/45 (2 elementi elaborati)...
[02:49:58] Elaborazione Immagini: Elaborata cartella 34/45 (18 elementi elaborati)...
[02:49:58] Elaborazione Immagini: Elaborata cartella 35/45 (2 elementi elaborati)...
[02:49:58] Elaborazione Immagini: Elaborata cartella 36/45 (5 elementi elaborati)...
[02:49:58] Elaborazione Immagini: Elaborata cartella 37/45 (19 elementi elaborati)...
[02:49:58] Elaborazione Immagini: Elaborata cartella 38/45 (10 elementi elaborati)...
[02:49:58] Elaborazione Immagini: Elaborata cartella 39/45 (2 elementi elaborati)...
[02:49:59] Elaborazione Immagini: Elaborata cartella 40/45 (17 elementi elaborati)...
[02:49:59] Elaborazione Immagini: Elaborata cartella 41/45 (11 elementi elaborati)...
[02:49:59] Elaborazione Immagini: Elaborata cartella 42/45 (10 elementi elaborati)...
[02:49:59] Elaborazione Immagini: Elaborata cartella 43/45 (19 elementi elaborati)...
[02:49:59] Elaborazione Immagini: Elaborata cartella 44/45 (4 elementi elaborati)...
[02:49:59] Elaborazione Immagini: Elaborazione base (Cartelle Printed & CSV) completata. (1054 tot. elaborati)
[02:49:59] Salvataggio Database: Salvataggio nel database in corso...
[02:50:00] Salvataggio Database: Database aggiornato correttamente.
[02:50:00] Processo completato.
[02:50:01] Avvio processo: basic...
[02:50:01] Esplorazione Cartella: Ricerca cartelle con immagini...
[02:50:01] Esplorazione Cartella: Trovate 45 cartelle.
[02:50:01] Elaborazione Immagini: Avvio Elaborazione base (Cartelle Printed & CSV)...
[02:50:01] Elaborazione Immagini: Elaborata cartella 1/45 (73 elementi elaborati)...
[02:50:01] Elaborazione Immagini: Elaborata cartella 2/45 (7 elementi elaborati)...
[02:50:01] Elaborazione Immagini: Elaborata cartella 3/45 (27 elementi elaborati)...
[02:50:01] Elaborazione Immagini: Elaborata cartella 4/45 (5 elementi elaborati)...
[02:50:01] Elaborazione Immagini: Elaborata cartella 5/45 (14 elementi elaborati)...
[02:50:01] Elaborazione Immagini: Elaborata cartella 6/45 (26 elementi elaborati)...
[02:50:01] Elaborazione Immagini: Elaborata cartella 7/45 (10 elementi elaborati)...
[02:50:02] Elaborazione Immagini: Elaborata cartella 8/45 (36 elementi elaborati)...
[02:50:02] Elaborazione Immagini: Elaborata cartella 9/45 (40 elementi elaborati)...
[02:50:02] Elaborazione Immagini: Elaborata cartella 10/45 (6 elementi elaborati)...
[02:50:02] Elaborazione Immagini: Elaborata cartella 11/45 (19 elementi elaborati)...
[02:50:02] Elaborazione Immagini: Elaborata cartella 12/45 (11 elementi elaborati)...
[02:50:02] Elaborazione Immagini: Elaborata cartella 13/45 (6 elementi elaborati)...
[02:50:02] Elaborazione Immagini: Elaborata cartella 14/45 (13 elementi elaborati)...
[02:50:02] Elaborazione Immagini: Elaborata cartella 15/45 (9 elementi elaborati)...
[02:50:03] Elaborazione Immagini: Elaborata cartella 16/45 (79 elementi elaborati)...
[02:50:03] Elaborazione Immagini: Elaborata cartella 17/45 (17 elementi elaborati)...
[02:50:03] Elaborazione Immagini: Elaborata cartella 18/45 (40 elementi elaborati)...
[02:50:03] Elaborazione Immagini: Elaborata cartella 19/45 (70 elementi elaborati)...
[02:50:03] Elaborazione Immagini: Elaborata cartella 20/45 (7 elementi elaborati)...
[02:50:03] Elaborazione Immagini: Elaborata cartella 21/45 (53 elementi elaborati)...
[02:50:03] Elaborazione Immagini: Elaborata cartella 22/45 (10 elementi elaborati)...
[02:50:04] Elaborazione Immagini: Elaborata cartella 23/45 (10 elementi elaborati)...
[02:50:04] Elaborazione Immagini: Elaborata cartella 24/45 (6 elementi elaborati)...
[02:50:04] Elaborazione Immagini: Elaborata cartella 25/45 (13 elementi elaborati)...
[02:50:04] Elaborazione Immagini: Elaborata cartella 26/45 (104 elementi elaborati)...
[02:50:04] Elaborazione Immagini: Elaborata cartella 27/45 (1 elementi elaborati)...
[02:50:04] Elaborazione Immagini: Elaborata cartella 28/45 (16 elementi elaborati)...
[02:50:04] Elaborazione Immagini: Elaborata cartella 29/45 (9 elementi elaborati)...
[02:50:04] Elaborazione Immagini: Elaborata cartella 30/45 (35 elementi elaborati)...
[02:50:05] Elaborazione Immagini: Elaborata cartella 31/45 (44 elementi elaborati)...
[02:50:05] Elaborazione Immagini: Elaborata cartella 32/45 (9 elementi elaborati)...
[02:50:05] Elaborazione Immagini: Elaborata cartella 33/45 (2 elementi elaborati)...
[02:50:05] Elaborazione Immagini: Elaborata cartella 34/45 (18 elementi elaborati)...
[02:50:05] Elaborazione Immagini: Elaborata cartella 35/45 (2 elementi elaborati)...
[02:50:05] Elaborazione Immagini: Elaborata cartella 36/45 (5 elementi elaborati)...
[02:50:05] Elaborazione Immagini: Elaborata cartella 37/45 (19 elementi elaborati)...
[02:50:05] Elaborazione Immagini: Elaborata cartella 38/45 (10 elementi elaborati)...
[02:50:05] Elaborazione Immagini: Elaborata cartella 39/45 (2 elementi elaborati)...
[02:50:05] Elaborazione Immagini: Elaborata cartella 40/45 (17 elementi elaborati)...
[02:50:05] Elaborazione Immagini: Elaborata cartella 41/45 (11 elementi elaborati)...
[02:50:05] Elaborazione Immagini: Elaborata cartella 42/45 (10 elementi elaborati)...
[02:50:06] Elaborazione Immagini: Elaborata cartella 43/45 (19 elementi elaborati)...
[02:50:06] Elaborazione Immagini: Elaborata cartella 44/45 (4 elementi elaborati)...
[02:50:06] Elaborazione Immagini: Elaborazione base (Cartelle Printed & CSV) completata. (1054 tot. elaborati)
[02:50:06] Salvataggio Database: Salvataggio nel database in corso...
[02:50:06] Salvataggio Database: Database aggiornato correttamente.
[02:50:06] Processo completato.
[02:50:06] Avvio processo: hash...
[02:50:06] Esplorazione Cartella: Ricerca cartelle con immagini...
[02:50:06] Esplorazione Cartella: Trovate 45 cartelle.
[02:50:07] Elaborazione Immagini: Avvio Calcolo Hash Ibrido (pHash+Colori)...
[02:50:24] Elaborazione Immagini: Elaborata cartella 1/45 (73 elementi elaborati)...
[02:50:26] Elaborazione Immagini: Elaborata cartella 2/45 (7 elementi elaborati)...
[02:50:29] Elaborazione Immagini: Elaborata cartella 3/45 (27 elementi elaborati)...
[02:50:30] Elaborazione Immagini: Elaborata cartella 4/45 (5 elementi elaborati)...
[02:50:31] Elaborazione Immagini: Elaborata cartella 5/45 (14 elementi elaborati)...
[02:50:34] Elaborazione Immagini: Elaborata cartella 6/45 (26 elementi elaborati)...
[02:50:46] Elaborazione Immagini: Elaborata cartella 7/45 (10 elementi elaborati)...
[02:50:50] Elaborazione Immagini: Elaborata cartella 8/45 (36 elementi elaborati)...
[02:50:57] Elaborazione Immagini: Elaborata cartella 9/45 (40 elementi elaborati)...
[02:50:58] Elaborazione Immagini: Elaborata cartella 10/45 (6 elementi elaborati)...
[02:51:00] Elaborazione Immagini: Elaborata cartella 11/45 (19 elementi elaborati)...
[02:51:05] Elaborazione Immagini: Elaborata cartella 12/45 (11 elementi elaborati)...
[02:51:07] Elaborazione Immagini: Elaborata cartella 13/45 (6 elementi elaborati)...
[02:51:18] Elaborazione Immagini: Elaborata cartella 14/45 (13 elementi elaborati)...
[02:51:21] Elaborazione Immagini: Elaborata cartella 15/45 (9 elementi elaborati)...
[02:52:15] Elaborazione Immagini: Elaborata cartella 16/45 (79 elementi elaborati)...
[02:52:21] Elaborazione Immagini: Elaborata cartella 17/45 (17 elementi elaborati)...
[02:52:28] Elaborazione Immagini: Elaborata cartella 18/45 (40 elementi elaborati)...
[02:52:39] Elaborazione Immagini: Elaborata cartella 19/45 (70 elementi elaborati)...
[02:52:39] Elaborazione Immagini: Elaborata cartella 20/45 (7 elementi elaborati)...
[02:52:46] Elaborazione Immagini: Elaborata cartella 21/45 (53 elementi elaborati)...
[02:52:49] Elaborazione Immagini: Elaborata cartella 22/45 (10 elementi elaborati)...
[02:52:50] Elaborazione Immagini: Elaborata cartella 23/45 (10 elementi elaborati)...
[02:52:51] Elaborazione Immagini: Elaborata cartella 24/45 (6 elementi elaborati)...
[02:52:53] Elaborazione Immagini: Elaborata cartella 25/45 (13 elementi elaborati)...
[02:53:07] Elaborazione Immagini: Elaborata cartella 26/45 (104 elementi elaborati)...
[02:53:07] Elaborazione Immagini: Elaborata cartella 27/45 (1 elementi elaborati)...
[02:53:09] Elaborazione Immagini: Elaborata cartella 28/45 (16 elementi elaborati)...
[02:53:10] Elaborazione Immagini: Elaborata cartella 29/45 (9 elementi elaborati)...
[02:53:14] Elaborazione Immagini: Elaborata cartella 30/45 (35 elementi elaborati)...
[02:53:19] Elaborazione Immagini: Elaborata cartella 31/45 (44 elementi elaborati)...
[02:53:21] Elaborazione Immagini: Elaborata cartella 32/45 (9 elementi elaborati)...
[02:53:21] Elaborazione Immagini: Elaborata cartella 33/45 (2 elementi elaborati)...
[02:53:23] Elaborazione Immagini: Elaborata cartella 34/45 (18 elementi elaborati)...
[02:53:24] Elaborazione Immagini: Elaborata cartella 35/45 (2 elementi elaborati)...
[02:53:25] Elaborazione Immagini: Elaborata cartella 36/45 (5 elementi elaborati)...
[02:53:29] Elaborazione Immagini: Elaborata cartella 37/45 (19 elementi elaborati)...
[02:53:32] Elaborazione Immagini: Elaborata cartella 38/45 (10 elementi elaborati)...
[02:53:32] Elaborazione Immagini: Elaborata cartella 39/45 (2 elementi elaborati)...
[02:53:41] Elaborazione Immagini: Elaborata cartella 40/45 (17 elementi elaborati)...
[02:53:43] Elaborazione Immagini: Elaborata cartella 41/45 (11 elementi elaborati)...
[02:53:45] Elaborazione Immagini: Elaborata cartella 42/45 (10 elementi elaborati)...
[02:53:48] Elaborazione Immagini: Elaborata cartella 43/45 (19 elementi elaborati)...
[02:53:48] Elaborazione Immagini: Elaborata cartella 44/45 (4 elementi elaborati)...
[02:54:09] Elaborazione Immagini: Calcolo Hash Ibrido (pHash+Colori) completata. (1054 tot. elaborati)
[02:54:09] Salvataggio Database: Salvataggio nel database in corso...
[02:54:09] Salvataggio Database: Database aggiornato correttamente.
[02:54:09] Processo completato.
[03:30:21] Cartella di input aggiornata: C:/Users/david/Desktop/to organize/Fixing_names
[03:30:27] Avvio processo: basic...
[03:30:27] Esplorazione Cartella: Ricerca cartelle con immagini...
[03:30:28] Esplorazione Cartella: Trovate 257 cartelle.
[03:30:28] Elaborazione Immagini: Avvio Elaborazione base (Cartelle Printed & CSV)...
[03:30:28] Elaborazione Immagini: Elaborata cartella 1/257 (73 elementi elaborati)...
[03:30:28] Elaborazione Immagini: Elaborata cartella 2/257 (7 elementi elaborati)...
[03:30:28] Elaborazione Immagini: Elaborata cartella 3/257 (27 elementi elaborati)...
[03:30:29] Elaborazione Immagini: Elaborata cartella 4/257 (5 elementi elaborati)...
[03:30:29] Elaborazione Immagini: Elaborata cartella 5/257 (14 elementi elaborati)...
[03:30:29] Elaborazione Immagini: Elaborata cartella 6/257 (26 elementi elaborati)...
[03:30:29] Elaborazione Immagini: Elaborata cartella 7/257 (10 elementi elaborati)...
[03:30:29] Elaborazione Immagini: Elaborata cartella 8/257 (36 elementi elaborati)...
[03:30:29] Elaborazione Immagini: Elaborata cartella 9/257 (40 elementi elaborati)...
[03:30:29] Elaborazione Immagini: Elaborata cartella 10/257 (6 elementi elaborati)...
[03:30:29] Elaborazione Immagini: Elaborata cartella 11/257 (19 elementi elaborati)...
[03:30:30] Elaborazione Immagini: Elaborata cartella 12/257 (11 elementi elaborati)...
[03:30:30] Elaborazione Immagini: Elaborata cartella 13/257 (6 elementi elaborati)...
[03:30:30] Elaborazione Immagini: Elaborata cartella 14/257 (13 elementi elaborati)...
[03:30:30] Elaborazione Immagini: Elaborata cartella 15/257 (9 elementi elaborati)...
[03:30:30] Elaborazione Immagini: Elaborata cartella 16/257 (79 elementi elaborati)...
[03:30:30] Elaborazione Immagini: Elaborata cartella 17/257 (17 elementi elaborati)...
[03:30:30] Elaborazione Immagini: Elaborata cartella 18/257 (40 elementi elaborati)...
[03:30:31] Elaborazione Immagini: Elaborata cartella 19/257 (70 elementi elaborati)...
[03:30:31] Elaborazione Immagini: Elaborata cartella 20/257 (7 elementi elaborati)...
[03:30:31] Elaborazione Immagini: Elaborata cartella 21/257 (53 elementi elaborati)...
[03:30:31] Elaborazione Immagini: Elaborata cartella 22/257 (10 elementi elaborati)...
[03:30:31] Elaborazione Immagini: Elaborata cartella 23/257 (10 elementi elaborati)...
[03:30:31] Elaborazione Immagini: Elaborata cartella 24/257 (6 elementi elaborati)...
[03:30:31] Elaborazione Immagini: Elaborata cartella 25/257 (13 elementi elaborati)...
[03:30:32] Elaborazione Immagini: Elaborata cartella 26/257 (104 elementi elaborati)...
[03:30:32] Elaborazione Immagini: Elaborata cartella 27/257 (1 elementi elaborati)...
[03:30:32] Elaborazione Immagini: Elaborata cartella 28/257 (16 elementi elaborati)...
[03:30:32] Elaborazione Immagini: Elaborata cartella 29/257 (9 elementi elaborati)...
[03:30:32] Elaborazione Immagini: Elaborata cartella 30/257 (35 elementi elaborati)...
[03:30:32] Elaborazione Immagini: Elaborata cartella 31/257 (44 elementi elaborati)...
[03:30:32] Elaborazione Immagini: Elaborata cartella 32/257 (9 elementi elaborati)...
[03:30:33] Elaborazione Immagini: Elaborata cartella 33/257 (2 elementi elaborati)...
[03:30:33] Elaborazione Immagini: Elaborata cartella 34/257 (18 elementi elaborati)...
[03:30:33] Elaborazione Immagini: Elaborata cartella 35/257 (2 elementi elaborati)...
[03:30:33] Elaborazione Immagini: Elaborata cartella 36/257 (5 elementi elaborati)...
[03:30:33] Elaborazione Immagini: Elaborata cartella 37/257 (19 elementi elaborati)...
[03:30:33] Elaborazione Immagini: Elaborata cartella 38/257 (10 elementi elaborati)...
[03:30:33] Elaborazione Immagini: Elaborata cartella 39/257 (2 elementi elaborati)...
[03:30:33] Elaborazione Immagini: Elaborata cartella 40/257 (17 elementi elaborati)...
[03:30:33] Elaborazione Immagini: Elaborata cartella 41/257 (11 elementi elaborati)...
[03:30:33] Elaborazione Immagini: Elaborata cartella 42/257 (10 elementi elaborati)...
[03:30:34] Elaborazione Immagini: Elaborata cartella 43/257 (19 elementi elaborati)...
[03:30:34] Elaborazione Immagini: Elaborata cartella 44/257 (4 elementi elaborati)...
[03:30:34] Elaborazione Immagini: Elaborata cartella 45/257 (110 elementi elaborati)...
[03:30:34] Elaborazione Immagini: Elaborata cartella 46/257 (1 elementi elaborati)...
[03:30:34] Elaborazione Immagini: Elaborata cartella 47/257 (33 elementi elaborati)...
[03:30:35] Elaborazione Immagini: Elaborata cartella 48/257 (40 elementi elaborati)...
[03:30:35] Elaborazione Immagini: Elaborata cartella 49/257 (47 elementi elaborati)...
[03:30:35] Elaborazione Immagini: Elaborata cartella 50/257 (76 elementi elaborati)...
[03:30:35] Elaborazione Immagini: Elaborata cartella 51/257 (6 elementi elaborati)...
[03:30:36] Elaborazione Immagini: Elaborata cartella 52/257 (241 elementi elaborati)...
[03:30:37] Elaborazione Immagini: Elaborata cartella 53/257 (171 elementi elaborati)...
[03:30:37] Elaborazione Immagini: Elaborata cartella 54/257 (156 elementi elaborati)...
[03:30:37] Elaborazione Immagini: Elaborata cartella 55/257 (39 elementi elaborati)...
[03:30:38] Elaborazione Immagini: Elaborata cartella 56/257 (169 elementi elaborati)...
[03:30:39] Elaborazione Immagini: Elaborata cartella 57/257 (191 elementi elaborati)...
[03:30:40] Elaborazione Immagini: Elaborata cartella 58/257 (14 elementi elaborati)...
[03:30:40] Elaborazione Immagini: Elaborata cartella 59/257 (6 elementi elaborati)...
[03:30:41] Elaborazione Immagini: Elaborata cartella 60/257 (140 elementi elaborati)...
[03:30:41] Elaborazione Immagini: Elaborata cartella 61/257 (255 elementi elaborati)...
[03:30:41] Elaborazione Immagini: Elaborata cartella 62/257 (52 elementi elaborati)...
[03:30:41] Elaborazione Immagini: Elaborata cartella 63/257 (8 elementi elaborati)...
[03:30:41] Elaborazione Immagini: Elaborata cartella 64/257 (8 elementi elaborati)...
[03:30:41] Elaborazione Immagini: Elaborata cartella 65/257 (41 elementi elaborati)...
[03:30:41] Elaborazione Immagini: Elaborata cartella 66/257 (6 elementi elaborati)...
[03:30:42] Elaborazione Immagini: Elaborata cartella 67/257 (306 elementi elaborati)...
[03:30:43] Elaborazione Immagini: Elaborata cartella 68/257 (211 elementi elaborati)...
[03:30:43] Elaborazione Immagini: Elaborata cartella 69/257 (32 elementi elaborati)...
[03:30:43] Elaborazione Immagini: Elaborata cartella 70/257 (4 elementi elaborati)...
[03:30:43] Elaborazione Immagini: Elaborata cartella 71/257 (11 elementi elaborati)...
[03:30:44] Elaborazione Immagini: Elaborata cartella 72/257 (299 elementi elaborati)...
[03:30:44] Elaborazione Immagini: Elaborata cartella 73/257 (83 elementi elaborati)...
[03:30:45] Elaborazione Immagini: Elaborata cartella 74/257 (4 elementi elaborati)...
[03:30:45] Elaborazione Immagini: Elaborata cartella 75/257 (2 elementi elaborati)...
[03:30:45] Elaborazione Immagini: Elaborata cartella 76/257 (2 elementi elaborati)...
[03:30:45] Elaborazione Immagini: Elaborata cartella 77/257 (10 elementi elaborati)...
[03:30:45] Elaborazione Immagini: Elaborata cartella 78/257 (4 elementi elaborati)...
[03:30:45] Elaborazione Immagini: Elaborata cartella 79/257 (119 elementi elaborati)...
[03:30:45] Elaborazione Immagini: Elaborata cartella 80/257 (6 elementi elaborati)...
[03:30:45] Elaborazione Immagini: Elaborata cartella 81/257 (3 elementi elaborati)...
[03:30:45] Elaborazione Immagini: Elaborata cartella 82/257 (5 elementi elaborati)...
[03:30:46] Elaborazione Immagini: Elaborata cartella 83/257 (35 elementi elaborati)...
[03:30:46] Elaborazione Immagini: Elaborata cartella 84/257 (20 elementi elaborati)...
[03:30:46] Elaborazione Immagini: Elaborata cartella 85/257 (5 elementi elaborati)...
[03:30:46] Elaborazione Immagini: Elaborata cartella 86/257 (13 elementi elaborati)...
[03:30:46] Elaborazione Immagini: Elaborata cartella 87/257 (41 elementi elaborati)...
[03:30:46] Elaborazione Immagini: Elaborata cartella 88/257 (11 elementi elaborati)...
[03:30:46] Elaborazione Immagini: Elaborata cartella 89/257 (12 elementi elaborati)...
[03:30:47] Elaborazione Immagini: Elaborata cartella 90/257 (269 elementi elaborati)...
[03:30:47] Elaborazione Immagini: Elaborata cartella 91/257 (14 elementi elaborati)...
[03:30:47] Elaborazione Immagini: Elaborata cartella 92/257 (33 elementi elaborati)...
[03:30:48] Elaborazione Immagini: Elaborata cartella 93/257 (45 elementi elaborati)...
[03:30:49] Elaborazione Immagini: Elaborata cartella 94/257 (377 elementi elaborati)...
[03:30:49] Elaborazione Immagini: Elaborata cartella 95/257 (7 elementi elaborati)...
[03:30:49] Elaborazione Immagini: Elaborata cartella 96/257 (24 elementi elaborati)...
[03:30:49] Elaborazione Immagini: Elaborata cartella 97/257 (22 elementi elaborati)...
[03:30:49] Elaborazione Immagini: Elaborata cartella 98/257 (13 elementi elaborati)...
[03:30:49] Elaborazione Immagini: Elaborata cartella 99/257 (22 elementi elaborati)...
[03:30:49] Elaborazione Immagini: Elaborata cartella 100/257 (11 elementi elaborati)...
[03:30:49] Elaborazione Immagini: Elaborata cartella 101/257 (2 elementi elaborati)...
[03:30:50] Elaborazione Immagini: Elaborata cartella 102/257 (1 elementi elaborati)...
[03:30:50] Elaborazione Immagini: Elaborata cartella 103/257 (2 elementi elaborati)...
[03:30:50] Elaborazione Immagini: Elaborata cartella 104/257 (14 elementi elaborati)...
[03:30:50] Elaborazione Immagini: Elaborata cartella 105/257 (12 elementi elaborati)...
[03:30:50] Elaborazione Immagini: Elaborata cartella 106/257 (39 elementi elaborati)...
[03:30:50] Elaborazione Immagini: Elaborata cartella 107/257 (4 elementi elaborati)...
[03:30:50] Elaborazione Immagini: Elaborata cartella 108/257 (52 elementi elaborati)...
[03:30:50] Elaborazione Immagini: Elaborata cartella 109/257 (5 elementi elaborati)...
[03:30:51] Elaborazione Immagini: Elaborata cartella 110/257 (11 elementi elaborati)...
[03:30:51] Elaborazione Immagini: Elaborata cartella 111/257 (10 elementi elaborati)...
[03:30:51] Elaborazione Immagini: Elaborata cartella 112/257 (7 elementi elaborati)...
[03:30:51] Elaborazione Immagini: Elaborata cartella 113/257 (9 elementi elaborati)...
[03:30:51] Elaborazione Immagini: Elaborata cartella 114/257 (21 elementi elaborati)...
[03:30:51] Elaborazione Immagini: Elaborata cartella 115/257 (18 elementi elaborati)...
[03:30:51] Elaborazione Immagini: Elaborata cartella 116/257 (88 elementi elaborati)...
[03:30:52] Elaborazione Immagini: Elaborata cartella 117/257 (51 elementi elaborati)...
[03:30:52] Elaborazione Immagini: Elaborata cartella 118/257 (2 elementi elaborati)...
[03:30:52] Elaborazione Immagini: Elaborata cartella 119/257 (21 elementi elaborati)...
[03:30:52] Elaborazione Immagini: Elaborata cartella 120/257 (6 elementi elaborati)...
[03:30:52] Elaborazione Immagini: Elaborata cartella 121/257 (184 elementi elaborati)...
[03:30:53] Elaborazione Immagini: Elaborata cartella 122/257 (30 elementi elaborati)...
[03:30:53] Elaborazione Immagini: Elaborata cartella 123/257 (18 elementi elaborati)...
[03:30:53] Elaborazione Immagini: Elaborata cartella 124/257 (34 elementi elaborati)...
[03:30:53] Elaborazione Immagini: Elaborata cartella 125/257 (76 elementi elaborati)...
[03:30:54] Elaborazione Immagini: Elaborata cartella 126/257 (144 elementi elaborati)...
[03:30:54] Elaborazione Immagini: Elaborata cartella 127/257 (12 elementi elaborati)...
[03:30:54] Elaborazione Immagini: Elaborata cartella 128/257 (23 elementi elaborati)...
[03:30:54] Elaborazione Immagini: Elaborata cartella 129/257 (14 elementi elaborati)...
[03:30:54] Elaborazione Immagini: Elaborata cartella 130/257 (25 elementi elaborati)...
[03:30:54] Elaborazione Immagini: Elaborata cartella 131/257 (1 elementi elaborati)...
[03:30:54] Elaborazione Immagini: Elaborata cartella 132/257 (2 elementi elaborati)...
[03:30:54] Elaborazione Immagini: Elaborata cartella 133/257 (4 elementi elaborati)...
[03:30:55] Elaborazione Immagini: Elaborata cartella 134/257 (247 elementi elaborati)...
[03:30:55] Elaborazione Immagini: Elaborata cartella 135/257 (22 elementi elaborati)...
[03:30:55] Elaborazione Immagini: Elaborata cartella 136/257 (44 elementi elaborati)...
[03:30:58] Elaborazione Immagini: Elaborata cartella 137/257 (165 elementi elaborati)...
[03:30:58] Elaborazione Immagini: Elaborata cartella 138/257 (100 elementi elaborati)...
[03:30:58] Elaborazione Immagini: Elaborata cartella 139/257 (6 elementi elaborati)...
[03:30:58] Elaborazione Immagini: Elaborata cartella 140/257 (294 elementi elaborati)...
[03:30:58] Elaborazione Immagini: Elaborata cartella 141/257 (21 elementi elaborati)...
[03:30:58] Elaborazione Immagini: Elaborata cartella 142/257 (7 elementi elaborati)...
[03:30:58] Elaborazione Immagini: Elaborata cartella 143/257 (24 elementi elaborati)...
[03:30:58] Elaborazione Immagini: Elaborata cartella 144/257 (14 elementi elaborati)...
[03:30:58] Elaborazione Immagini: Elaborata cartella 145/257 (19 elementi elaborati)...
[03:30:59] Elaborazione Immagini: Elaborata cartella 146/257 (77 elementi elaborati)...
[03:30:59] Elaborazione Immagini: Elaborata cartella 147/257 (56 elementi elaborati)...
[03:31:00] Elaborazione Immagini: Elaborata cartella 148/257 (278 elementi elaborati)...
[03:31:00] Elaborazione Immagini: Elaborata cartella 149/257 (92 elementi elaborati)...
[03:31:00] Elaborazione Immagini: Elaborata cartella 150/257 (35 elementi elaborati)...
[03:31:01] Elaborazione Immagini: Elaborata cartella 151/257 (103 elementi elaborati)...
[03:31:01] Elaborazione Immagini: Elaborata cartella 152/257 (74 elementi elaborati)...
[03:31:01] Elaborazione Immagini: Elaborata cartella 153/257 (18 elementi elaborati)...
[03:31:01] Elaborazione Immagini: Elaborata cartella 154/257 (119 elementi elaborati)...
[03:31:01] Elaborazione Immagini: Elaborata cartella 155/257 (32 elementi elaborati)...
[03:31:02] Elaborazione Immagini: Elaborata cartella 156/257 (112 elementi elaborati)...
[03:31:02] Elaborazione Immagini: Elaborata cartella 157/257 (162 elementi elaborati)...
[03:31:03] Elaborazione Immagini: Elaborata cartella 158/257 (83 elementi elaborati)...
[03:31:03] Elaborazione Immagini: Elaborata cartella 159/257 (123 elementi elaborati)...
[03:31:03] Elaborazione Immagini: Elaborata cartella 160/257 (82 elementi elaborati)...
[03:31:04] Elaborazione Immagini: Elaborata cartella 161/257 (286 elementi elaborati)...
[03:31:05] Elaborazione Immagini: Elaborata cartella 162/257 (145 elementi elaborati)...
[03:31:05] Elaborazione Immagini: Elaborata cartella 163/257 (13 elementi elaborati)...
[03:31:05] Elaborazione Immagini: Elaborata cartella 164/257 (63 elementi elaborati)...
[03:31:05] Elaborazione Immagini: Elaborata cartella 165/257 (80 elementi elaborati)...
[03:31:06] Elaborazione Immagini: Elaborata cartella 166/257 (57 elementi elaborati)...
[03:31:06] Elaborazione Immagini: Elaborata cartella 167/257 (46 elementi elaborati)...
[03:31:06] Elaborazione Immagini: Elaborata cartella 168/257 (51 elementi elaborati)...
[03:31:06] Elaborazione Immagini: Elaborata cartella 169/257 (20 elementi elaborati)...
[03:31:06] Elaborazione Immagini: Elaborata cartella 170/257 (8 elementi elaborati)...
[03:31:06] Elaborazione Immagini: Elaborata cartella 171/257 (34 elementi elaborati)...
[03:31:07] Elaborazione Immagini: Elaborata cartella 172/257 (21 elementi elaborati)...
[03:31:07] Elaborazione Immagini: Elaborata cartella 173/257 (99 elementi elaborati)...
[03:31:08] Elaborazione Immagini: Elaborata cartella 174/257 (245 elementi elaborati)...
[03:31:08] Elaborazione Immagini: Elaborata cartella 175/257 (81 elementi elaborati)...
[03:31:08] Elaborazione Immagini: Elaborata cartella 176/257 (4 elementi elaborati)...
[03:31:08] Elaborazione Immagini: Elaborata cartella 177/257 (10 elementi elaborati)...
[03:31:08] Elaborazione Immagini: Elaborata cartella 178/257 (2 elementi elaborati)...
[03:31:08] Elaborazione Immagini: Elaborata cartella 179/257 (2 elementi elaborati)...
[03:31:08] Elaborazione Immagini: Elaborata cartella 180/257 (3 elementi elaborati)...
[03:31:08] Elaborazione Immagini: Elaborata cartella 181/257 (27 elementi elaborati)...
[03:31:08] Elaborazione Immagini: Elaborata cartella 182/257 (5 elementi elaborati)...
[03:31:09] Elaborazione Immagini: Elaborata cartella 183/257 (7 elementi elaborati)...
[03:31:09] Elaborazione Immagini: Elaborata cartella 184/257 (2 elementi elaborati)...
[03:31:09] Elaborazione Immagini: Elaborata cartella 185/257 (1 elementi elaborati)...
[03:31:09] Elaborazione Immagini: Elaborata cartella 186/257 (1 elementi elaborati)...
[03:31:09] Elaborazione Immagini: Elaborata cartella 187/257 (10 elementi elaborati)...
[03:31:09] Elaborazione Immagini: Elaborata cartella 188/257 (4 elementi elaborati)...
[03:31:09] Elaborazione Immagini: Elaborata cartella 189/257 (13 elementi elaborati)...
[03:31:09] Elaborazione Immagini: Elaborata cartella 190/257 (28 elementi elaborati)...
[03:31:09] Elaborazione Immagini: Elaborata cartella 191/257 (13 elementi elaborati)...
[03:31:09] Elaborazione Immagini: Elaborata cartella 192/257 (2 elementi elaborati)...
[03:31:09] Elaborazione Immagini: Elaborata cartella 193/257 (10 elementi elaborati)...
[03:31:10] Elaborazione Immagini: Elaborata cartella 194/257 (2 elementi elaborati)...
[03:31:10] Elaborazione Immagini: Elaborata cartella 195/257 (44 elementi elaborati)...
[03:31:10] Elaborazione Immagini: Elaborata cartella 196/257 (16 elementi elaborati)...
[03:31:10] Elaborazione Immagini: Elaborata cartella 197/257 (29 elementi elaborati)...
[03:31:10] Elaborazione Immagini: Elaborata cartella 198/257 (1 elementi elaborati)...
[03:31:10] Elaborazione Immagini: Elaborata cartella 199/257 (1 elementi elaborati)...
[03:31:10] Elaborazione Immagini: Elaborata cartella 200/257 (5 elementi elaborati)...
[03:31:10] Elaborazione Immagini: Elaborata cartella 201/257 (6 elementi elaborati)...
[03:31:10] Elaborazione Immagini: Elaborata cartella 202/257 (5 elementi elaborati)...
[03:31:11] Elaborazione Immagini: Elaborata cartella 203/257 (23 elementi elaborati)...
[03:31:11] Elaborazione Immagini: Elaborata cartella 204/257 (26 elementi elaborati)...
[03:31:11] Elaborazione Immagini: Elaborata cartella 205/257 (1 elementi elaborati)...
[03:31:11] Elaborazione Immagini: Elaborata cartella 206/257 (1 elementi elaborati)...
[03:31:11] Elaborazione Immagini: Elaborata cartella 207/257 (27 elementi elaborati)...
[03:31:11] Elaborazione Immagini: Elaborata cartella 208/257 (250 elementi elaborati)...
[03:31:12] Elaborazione Immagini: Elaborata cartella 209/257 (13 elementi elaborati)...
[03:31:12] Elaborazione Immagini: Elaborata cartella 210/257 (4 elementi elaborati)...
[03:31:12] Elaborazione Immagini: Elaborata cartella 211/257 (130 elementi elaborati)...
[03:31:12] Elaborazione Immagini: Elaborata cartella 212/257 (26 elementi elaborati)...
[03:31:12] Elaborazione Immagini: Elaborata cartella 213/257 (8 elementi elaborati)...
[03:31:12] Elaborazione Immagini: Elaborata cartella 214/257 (9 elementi elaborati)...
[03:31:12] Elaborazione Immagini: Elaborata cartella 215/257 (3 elementi elaborati)...
[03:31:13] Elaborazione Immagini: Elaborata cartella 216/257 (41 elementi elaborati)...
[03:31:13] Elaborazione Immagini: Elaborata cartella 217/257 (87 elementi elaborati)...
[03:31:13] Elaborazione Immagini: Elaborata cartella 218/257 (5 elementi elaborati)...
[03:31:14] Elaborazione Immagini: Elaborata cartella 219/257 (95 elementi elaborati)...
[03:31:14] Elaborazione Immagini: Elaborata cartella 220/257 (6 elementi elaborati)...
[03:31:14] Elaborazione Immagini: Elaborata cartella 221/257 (10 elementi elaborati)...
[03:31:14] Elaborazione Immagini: Elaborata cartella 222/257 (2 elementi elaborati)...
[03:31:14] Elaborazione Immagini: Elaborata cartella 223/257 (1 elementi elaborati)...
[03:31:14] Elaborazione Immagini: Elaborata cartella 224/257 (1 elementi elaborati)...
[03:31:14] Elaborazione Immagini: Elaborata cartella 225/257 (1 elementi elaborati)...
[03:31:14] Elaborazione Immagini: Elaborata cartella 226/257 (1 elementi elaborati)...
[03:31:14] Elaborazione Immagini: Elaborata cartella 227/257 (8 elementi elaborati)...
[03:31:14] Elaborazione Immagini: Elaborata cartella 228/257 (8 elementi elaborati)...
[03:31:20] Elaborazione Immagini: Elaborata cartella 229/257 (2003 elementi elaborati)...
[03:31:26] Elaborazione Immagini: Elaborata cartella 230/257 (1916 elementi elaborati)...
[03:31:27] Elaborazione Immagini: Elaborata cartella 231/257 (125 elementi elaborati)...
[03:31:27] Elaborazione Immagini: Elaborata cartella 232/257 (122 elementi elaborati)...
[03:31:28] Elaborazione Immagini: Elaborata cartella 233/257 (380 elementi elaborati)...
[03:31:30] Elaborazione Immagini: Elaborata cartella 234/257 (229 elementi elaborati)...
[03:31:30] Elaborazione Immagini: Elaborata cartella 235/257 (99 elementi elaborati)...
[03:31:30] Elaborazione Immagini: Elaborata cartella 236/257 (53 elementi elaborati)...
[03:31:31] Elaborazione Immagini: Elaborata cartella 237/257 (121 elementi elaborati)...
[03:31:31] Elaborazione Immagini: Elaborata cartella 238/257 (51 elementi elaborati)...
[03:31:31] Elaborazione Immagini: Elaborata cartella 239/257 (34 elementi elaborati)...
[03:31:31] Elaborazione Immagini: Elaborata cartella 240/257 (135 elementi elaborati)...
[03:31:32] Elaborazione Immagini: Elaborata cartella 241/257 (115 elementi elaborati)...
[03:31:32] Elaborazione Immagini: Elaborata cartella 242/257 (62 elementi elaborati)...
[03:31:32] Elaborazione Immagini: Elaborata cartella 243/257 (6 elementi elaborati)...
[03:31:32] Elaborazione Immagini: Elaborata cartella 244/257 (86 elementi elaborati)...
[03:31:32] Elaborazione Immagini: Elaborata cartella 245/257 (51 elementi elaborati)...
[03:31:33] Elaborazione Immagini: Elaborata cartella 246/257 (5 elementi elaborati)...
[03:31:33] Elaborazione Immagini: Elaborata cartella 247/257 (49 elementi elaborati)...
[03:31:33] Elaborazione Immagini: Elaborata cartella 248/257 (57 elementi elaborati)...
[03:31:34] Elaborazione Immagini: Elaborata cartella 249/257 (406 elementi elaborati)...
[03:31:35] Elaborazione Immagini: Elaborata cartella 250/257 (91 elementi elaborati)...
[03:31:35] Elaborazione Immagini: Elaborata cartella 251/257 (86 elementi elaborati)...
[03:31:35] Elaborazione Immagini: Elaborata cartella 252/257 (24 elementi elaborati)...
[03:31:35] Elaborazione Immagini: Elaborata cartella 253/257 (3 elementi elaborati)...
[03:31:35] Elaborazione Immagini: Elaborata cartella 254/257 (4 elementi elaborati)...
[03:31:35] Elaborazione Immagini: Elaborata cartella 255/257 (3 elementi elaborati)...
[03:31:35] Elaborazione Immagini: Elaborata cartella 256/257 (17 elementi elaborati)...
[03:31:40] Elaborazione Immagini: Elaborazione base (Cartelle Printed & CSV) completata. (17585 tot. elaborati)
[03:31:40] Salvataggio Database: Salvataggio nel database in corso...
[03:31:41] Salvataggio Database: Database aggiornato correttamente.
[03:31:41] Processo completato.
[03:31:46] Avvio processo: hash...
[03:31:46] Esplorazione Cartella: Ricerca cartelle con immagini...
[03:31:47] Esplorazione Cartella: Trovate 257 cartelle.
[03:31:47] Elaborazione Immagini: Avvio Calcolo Hash Ibrido (pHash+Colori)...
[03:32:07] Elaborazione Immagini: Elaborata cartella 1/257 (73 elementi elaborati)...
[03:32:09] Elaborazione Immagini: Elaborata cartella 2/257 (7 elementi elaborati)...
[03:32:14] Elaborazione Immagini: Elaborata cartella 3/257 (27 elementi elaborati)...
[03:32:15] Elaborazione Immagini: Elaborata cartella 4/257 (5 elementi elaborati)...
[03:32:16] Elaborazione Immagini: Elaborata cartella 5/257 (14 elementi elaborati)...
[03:32:20] Elaborazione Immagini: Elaborata cartella 6/257 (26 elementi elaborati)...
[03:32:35] Elaborazione Immagini: Elaborata cartella 7/257 (10 elementi elaborati)...
[03:32:39] Elaborazione Immagini: Elaborata cartella 8/257 (36 elementi elaborati)...
[03:32:44] Elaborazione Immagini: Elaborata cartella 9/257 (40 elementi elaborati)...
[03:32:44] Elaborazione Immagini: Elaborata cartella 10/257 (6 elementi elaborati)...
[03:32:47] Elaborazione Immagini: Elaborata cartella 11/257 (19 elementi elaborati)...
[03:32:49] Elaborazione Immagini: Elaborata cartella 12/257 (11 elementi elaborati)...
[03:32:49] Elaborazione Immagini: Elaborata cartella 13/257 (6 elementi elaborati)...
[03:32:57] Elaborazione Immagini: Elaborata cartella 14/257 (13 elementi elaborati)...
[03:32:58] Elaborazione Immagini: Elaborata cartella 15/257 (9 elementi elaborati)...
[03:33:48] Elaborazione Immagini: Elaborata cartella 16/257 (79 elementi elaborati)...
[03:33:54] Elaborazione Immagini: Elaborata cartella 17/257 (17 elementi elaborati)...
[03:33:59] Elaborazione Immagini: Elaborata cartella 18/257 (40 elementi elaborati)...
[03:34:09] Elaborazione Immagini: Elaborata cartella 19/257 (70 elementi elaborati)...
[03:34:10] Elaborazione Immagini: Elaborata cartella 20/257 (7 elementi elaborati)...
[03:34:17] Elaborazione Immagini: Elaborata cartella 21/257 (53 elementi elaborati)...
[03:34:21] Elaborazione Immagini: Elaborata cartella 22/257 (10 elementi elaborati)...
[03:34:22] Elaborazione Immagini: Elaborata cartella 23/257 (10 elementi elaborati)...
[03:34:23] Elaborazione Immagini: Elaborata cartella 24/257 (6 elementi elaborati)...
[03:34:25] Elaborazione Immagini: Elaborata cartella 25/257 (13 elementi elaborati)...
[03:34:36] Elaborazione Immagini: Elaborata cartella 26/257 (104 elementi elaborati)...
[03:34:36] Elaborazione Immagini: Elaborata cartella 27/257 (1 elementi elaborati)...
[03:34:38] Elaborazione Immagini: Elaborata cartella 28/257 (16 elementi elaborati)...
[03:34:39] Elaborazione Immagini: Elaborata cartella 29/257 (9 elementi elaborati)...
[03:34:43] Elaborazione Immagini: Elaborata cartella 30/257 (35 elementi elaborati)...
[03:34:50] Elaborazione Immagini: Elaborata cartella 31/257 (44 elementi elaborati)...
[03:34:51] Elaborazione Immagini: Elaborata cartella 32/257 (9 elementi elaborati)...
[03:34:51] Elaborazione Immagini: Elaborata cartella 33/257 (2 elementi elaborati)...
[03:34:54] Elaborazione Immagini: Elaborata cartella 34/257 (18 elementi elaborati)...
[03:34:54] Elaborazione Immagini: Elaborata cartella 35/257 (2 elementi elaborati)...
[03:34:55] Elaborazione Immagini: Elaborata cartella 36/257 (5 elementi elaborati)...
[03:34:58] Elaborazione Immagini: Elaborata cartella 37/257 (19 elementi elaborati)...
[03:35:01] Elaborazione Immagini: Elaborata cartella 38/257 (10 elementi elaborati)...
[03:35:02] Elaborazione Immagini: Elaborata cartella 39/257 (2 elementi elaborati)...
[03:35:09] Elaborazione Immagini: Elaborata cartella 40/257 (17 elementi elaborati)...
[03:35:11] Elaborazione Immagini: Elaborata cartella 41/257 (11 elementi elaborati)...
[03:35:13] Elaborazione Immagini: Elaborata cartella 42/257 (10 elementi elaborati)...
[03:35:16] Elaborazione Immagini: Elaborata cartella 43/257 (19 elementi elaborati)...
[03:35:16] Elaborazione Immagini: Elaborata cartella 44/257 (4 elementi elaborati)...
[03:35:37] Elaborazione Immagini: Elaborata cartella 45/257 (110 elementi elaborati)...
[03:35:37] Elaborazione Immagini: Elaborata cartella 46/257 (1 elementi elaborati)...
[03:35:45] Elaborazione Immagini: Elaborata cartella 47/257 (33 elementi elaborati)...
[03:35:50] Elaborazione Immagini: Elaborata cartella 48/257 (40 elementi elaborati)...
[03:36:02] Elaborazione Immagini: Elaborata cartella 49/257 (47 elementi elaborati)...
[03:36:25] Elaborazione Immagini: Elaborata cartella 50/257 (76 elementi elaborati)...
[03:36:26] Elaborazione Immagini: Elaborata cartella 51/257 (6 elementi elaborati)...
[03:37:53] Elaborazione Immagini: Elaborata cartella 52/257 (241 elementi elaborati)...
[03:38:37] Elaborazione Immagini: Elaborata cartella 53/257 (171 elementi elaborati)...
[03:39:12] Elaborazione Immagini: Elaborata cartella 54/257 (156 elementi elaborati)...
[03:39:18] Elaborazione Immagini: Elaborata cartella 55/257 (39 elementi elaborati)...
[03:39:29] Elaborazione Immagini: Elaborata cartella 56/257 (169 elementi elaborati)...
[03:39:57] Elaborazione Immagini: Elaborata cartella 57/257 (191 elementi elaborati)...
[03:39:59] Elaborazione Immagini: Elaborata cartella 58/257 (14 elementi elaborati)...
[03:40:00] Elaborazione Immagini: Elaborata cartella 59/257 (6 elementi elaborati)...
[03:40:19] Elaborazione Immagini: Elaborata cartella 60/257 (140 elementi elaborati)...
[03:40:48] Elaborazione Immagini: Elaborata cartella 61/257 (255 elementi elaborati)...
[03:40:55] Elaborazione Immagini: Elaborata cartella 62/257 (52 elementi elaborati)...
[03:40:56] Elaborazione Immagini: Elaborata cartella 63/257 (8 elementi elaborati)...
[03:40:57] Elaborazione Immagini: Elaborata cartella 64/257 (8 elementi elaborati)...
[03:41:03] Elaborazione Immagini: Elaborata cartella 65/257 (41 elementi elaborati)...
[03:41:03] Elaborazione Immagini: Elaborata cartella 66/257 (6 elementi elaborati)...
[03:42:42] Elaborazione Immagini: Elaborata cartella 67/257 (306 elementi elaborati)...
[03:43:57] Elaborazione Immagini: Elaborata cartella 68/257 (211 elementi elaborati)...
[03:44:03] Elaborazione Immagini: Elaborata cartella 69/257 (32 elementi elaborati)...
[03:44:04] Elaborazione Immagini: Elaborata cartella 70/257 (4 elementi elaborati)...
[03:44:06] Elaborazione Immagini: Elaborata cartella 71/257 (11 elementi elaborati)...
[03:45:49] Elaborazione Immagini: Elaborata cartella 72/257 (299 elementi elaborati)...
[03:46:03] Elaborazione Immagini: Elaborata cartella 73/257 (83 elementi elaborati)...
[03:46:04] Elaborazione Immagini: Elaborata cartella 74/257 (4 elementi elaborati)...
[03:46:04] Elaborazione Immagini: Elaborata cartella 75/257 (2 elementi elaborati)...
[03:46:04] Elaborazione Immagini: Elaborata cartella 76/257 (2 elementi elaborati)...
[03:46:06] Elaborazione Immagini: Elaborata cartella 77/257 (10 elementi elaborati)...
[03:46:06] Elaborazione Immagini: Elaborata cartella 78/257 (4 elementi elaborati)...
[03:46:26] Elaborazione Immagini: Elaborata cartella 79/257 (119 elementi elaborati)...
[03:46:26] Elaborazione Immagini: Elaborata cartella 80/257 (6 elementi elaborati)...
[03:46:27] Elaborazione Immagini: Elaborata cartella 81/257 (3 elementi elaborati)...
[03:46:27] Elaborazione Immagini: Elaborata cartella 82/257 (5 elementi elaborati)...
[03:46:32] Elaborazione Immagini: Elaborata cartella 83/257 (35 elementi elaborati)...
[03:46:34] Elaborazione Immagini: Elaborata cartella 84/257 (20 elementi elaborati)...
[03:46:35] Elaborazione Immagini: Elaborata cartella 85/257 (5 elementi elaborati)...
[03:46:36] Elaborazione Immagini: Elaborata cartella 86/257 (13 elementi elaborati)...
[03:46:41] Elaborazione Immagini: Elaborata cartella 87/257 (41 elementi elaborati)...
[03:46:43] Elaborazione Immagini: Elaborata cartella 88/257 (11 elementi elaborati)...
[03:46:45] Elaborazione Immagini: Elaborata cartella 89/257 (12 elementi elaborati)...
[03:48:28] Elaborazione Immagini: Elaborata cartella 90/257 (269 elementi elaborati)...
[03:48:29] Elaborazione Immagini: Elaborata cartella 91/257 (14 elementi elaborati)...
[03:48:41] Elaborazione Immagini: Elaborata cartella 92/257 (33 elementi elaborati)...
[03:48:54] Elaborazione Immagini: Elaborata cartella 93/257 (45 elementi elaborati)...
[03:49:40] Elaborazione Immagini: Elaborata cartella 94/257 (377 elementi elaborati)...
[03:49:41] Elaborazione Immagini: Elaborata cartella 95/257 (7 elementi elaborati)...
[03:49:44] Elaborazione Immagini: Elaborata cartella 96/257 (24 elementi elaborati)...
[03:49:46] Elaborazione Immagini: Elaborata cartella 97/257 (22 elementi elaborati)...
[03:49:48] Elaborazione Immagini: Elaborata cartella 98/257 (13 elementi elaborati)...
[03:49:51] Elaborazione Immagini: Elaborata cartella 99/257 (22 elementi elaborati)...
[03:49:52] Elaborazione Immagini: Elaborata cartella 100/257 (11 elementi elaborati)...
[03:49:54] Elaborazione Immagini: Elaborata cartella 101/257 (2 elementi elaborati)...
[03:49:54] Elaborazione Immagini: Elaborata cartella 102/257 (1 elementi elaborati)...
[03:49:54] Elaborazione Immagini: Elaborata cartella 103/257 (2 elementi elaborati)...
[03:49:56] Elaborazione Immagini: Elaborata cartella 104/257 (14 elementi elaborati)...
[03:49:58] Elaborazione Immagini: Elaborata cartella 105/257 (12 elementi elaborati)...
[03:50:03] Elaborazione Immagini: Elaborata cartella 106/257 (39 elementi elaborati)...
[03:50:03] Elaborazione Immagini: Elaborata cartella 107/257 (4 elementi elaborati)...
[03:50:09] Elaborazione Immagini: Elaborata cartella 108/257 (52 elementi elaborati)...
[03:50:09] Elaborazione Immagini: Elaborata cartella 109/257 (5 elementi elaborati)...
[03:50:11] Elaborazione Immagini: Elaborata cartella 110/257 (11 elementi elaborati)...
[03:50:12] Elaborazione Immagini: Elaborata cartella 111/257 (10 elementi elaborati)...
[03:50:13] Elaborazione Immagini: Elaborata cartella 112/257 (7 elementi elaborati)...
[03:50:14] Elaborazione Immagini: Elaborata cartella 113/257 (9 elementi elaborati)...
[03:50:17] Elaborazione Immagini: Elaborata cartella 114/257 (21 elementi elaborati)...
[03:50:19] Elaborazione Immagini: Elaborata cartella 115/257 (18 elementi elaborati)...
[03:50:31] Elaborazione Immagini: Elaborata cartella 116/257 (88 elementi elaborati)...
[03:50:39] Elaborazione Immagini: Elaborata cartella 117/257 (51 elementi elaborati)...
[03:50:39] Elaborazione Immagini: Elaborata cartella 118/257 (2 elementi elaborati)...
[03:50:41] Elaborazione Immagini: Elaborata cartella 119/257 (21 elementi elaborati)...
[03:50:42] Elaborazione Immagini: Elaborata cartella 120/257 (6 elementi elaborati)...
[03:51:08] Elaborazione Immagini: Elaborata cartella 121/257 (184 elementi elaborati)...
[03:51:12] Elaborazione Immagini: Elaborata cartella 122/257 (30 elementi elaborati)...
[03:51:15] Elaborazione Immagini: Elaborata cartella 123/257 (18 elementi elaborati)...
[03:51:19] Elaborazione Immagini: Elaborata cartella 124/257 (34 elementi elaborati)...
[03:51:28] Elaborazione Immagini: Elaborata cartella 125/257 (76 elementi elaborati)...
[03:52:20] Elaborazione Immagini: Elaborata cartella 126/257 (144 elementi elaborati)...
[03:52:25] Elaborazione Immagini: Elaborata cartella 127/257 (12 elementi elaborati)...
[03:52:29] Elaborazione Immagini: Elaborata cartella 128/257 (23 elementi elaborati)...
[03:52:32] Elaborazione Immagini: Elaborata cartella 129/257 (14 elementi elaborati)...
[03:52:35] Elaborazione Immagini: Elaborata cartella 130/257 (25 elementi elaborati)...
[03:52:35] Elaborazione Immagini: Elaborata cartella 131/257 (1 elementi elaborati)...
[03:52:35] Elaborazione Immagini: Elaborata cartella 132/257 (2 elementi elaborati)...
[03:52:36] Elaborazione Immagini: Elaborata cartella 133/257 (4 elementi elaborati)...
[03:53:49] Elaborazione Immagini: Elaborata cartella 134/257 (247 elementi elaborati)...
[03:53:56] Elaborazione Immagini: Elaborata cartella 135/257 (22 elementi elaborati)...
[03:54:02] Elaborazione Immagini: Elaborata cartella 136/257 (44 elementi elaborati)...
[03:54:53] Elaborazione Immagini: Elaborata cartella 137/257 (165 elementi elaborati)...
[03:55:51] Elaborazione Immagini: Elaborata cartella 138/257 (100 elementi elaborati)...
[03:55:52] Elaborazione Immagini: Elaborata cartella 139/257 (6 elementi elaborati)...
[03:56:36] Elaborazione Immagini: Elaborata cartella 140/257 (294 elementi elaborati)...
[03:56:39] Elaborazione Immagini: Elaborata cartella 141/257 (21 elementi elaborati)...
[03:56:40] Elaborazione Immagini: Elaborata cartella 142/257 (7 elementi elaborati)...
[03:56:45] Elaborazione Immagini: Elaborata cartella 143/257 (24 elementi elaborati)...
[03:56:47] Elaborazione Immagini: Elaborata cartella 144/257 (14 elementi elaborati)...
[03:56:50] Elaborazione Immagini: Elaborata cartella 145/257 (19 elementi elaborati)...
[03:57:06] Elaborazione Immagini: Elaborata cartella 146/257 (77 elementi elaborati)...
[03:57:20] Elaborazione Immagini: Elaborata cartella 147/257 (56 elementi elaborati)...
[03:58:41] Elaborazione Immagini: Elaborata cartella 148/257 (278 elementi elaborati)...
[03:58:55] Elaborazione Immagini: Elaborata cartella 149/257 (92 elementi elaborati)...
[03:59:06] Elaborazione Immagini: Elaborata cartella 150/257 (35 elementi elaborati)...
[03:59:23] Elaborazione Immagini: Elaborata cartella 151/257 (103 elementi elaborati)...
[03:59:34] Elaborazione Immagini: Elaborata cartella 152/257 (74 elementi elaborati)...
[03:59:48] Elaborazione Immagini: Elaborata cartella 153/257 (18 elementi elaborati)...
[04:01:13] Elaborazione Immagini: Elaborata cartella 154/257 (119 elementi elaborati)...
[04:01:22] Elaborazione Immagini: Elaborata cartella 155/257 (32 elementi elaborati)...
[04:02:23] Elaborazione Immagini: Elaborata cartella 156/257 (112 elementi elaborati)...
[04:02:41] Elaborazione Immagini: Elaborata cartella 157/257 (162 elementi elaborati)...
[04:03:04] Elaborazione Immagini: Elaborata cartella 158/257 (83 elementi elaborati)...
[04:03:42] Elaborazione Immagini: Elaborata cartella 159/257 (123 elementi elaborati)...
